COL Beer_Name VAL Bulleit Bourbon Barrel Aged G'Knight COL Brew_Factory_Name VAL Oskar Blues Grill & Brew COL Style VAL American Amber / Red Ale  	COL Beer_Name VAL Figure Eight Bourbon Barrel Aged Jumbo Love COL Brew_Factory_Name VAL Brewing COL Style VAL Barley Wine  	0.087 	0 	0
COL Beer_Name VAL Double Dragon Imperial Red Ale COL Brew_Factory_Name VAL Phillips Brewing Company COL Style VAL American Amber /  	COL Beer_Name VAL Scuttlebutt Mateo Loco Imperial Red Ale COL Brew_Factory_Name VAL Brewing Co. . COL Style VAL American Strong  	0.08199999999999999 	0.071 	0
COL Beer_Name VAL Honey Basil Amber COL Brew_Factory_Name VAL Rude Hippo Brewing Company COL Style VAL American / Red Ale  	COL Beer_Name VAL Rude Hippo Honey Basil Amber COL Brew_Factory_Name VAL 18th Street Brewery COL Style VAL Ale  	0.07400000000000001 	0.07400000000000001 	1
COL Beer_Name VAL Clifford 's Big Red Ale COL Brew_Factory_Name VAL Funky Buddha Brewery COL Style VAL American Amber /  	COL Beer_Name VAL Big Island Red Giant Ale COL Brew_Factory_Name VAL Brewhaus COL Style VAL American Strong  	0.09699999999999999 	0.065 	0
COL Beer_Name VAL Real McCoy Amber Ale COL Brew_Factory_Name VAL Mammoth Brewing Company COL Style VAL American / Red  	COL Beer_Name VAL Mammoth Real McCoy Amber Ale COL Brew_Factory_Name VAL Brewing Company COL Style VAL Altbier  	0.045 	0.045 	1
COL Beer_Name VAL Aqula American Amber Ale COL Brew_Factory_Name VAL Bier Kaffee COL Style VAL / Red  	COL Beer_Name VAL Heavy Seas Desert Island Series American Honey Amber Ale COL Brew_Factory_Name VAL Brewing Company COL Style VAL  	0.045 	0.049 	0
COL Beer_Name VAL Rocket City Red COL Brew_Factory_Name VAL Straight To Ale COL Style VAL American Amber /  	COL Beer_Name VAL Sawdust City Red Rocket Coffee Spiced Stout COL Brew_Factory_Name VAL Brewing Company COL Style VAL Spice/Herb/Vegetable  	0.05 	0.052000000000000005 	0
COL Beer_Name VAL Jazz Beer Tarraco Amber COL Brew_Factory_Name VAL COL Style VAL American / Red Ale  	COL Beer_Name VAL Jazz Beer Tarraco Amber COL Brew_Factory_Name VAL Ca l_Arenys - Cervezas Guineu COL Style VAL Ale  	0.069 	0.069 	1
COL Beer_Name VAL Twisted Stick Amber Ale COL Brew_Factory_Name VAL Portneuf Valley Brewing COL Style VAL American / Red  	COL Beer_Name VAL Sick N Twisted Pleasure Victim Amber Ale COL Brew_Factory_Name VAL Brewing Company COL Style VAL  	0 	0.055 	0
COL Beer_Name VAL Red Hopper ( Imperial Ale ) COL Brew_Factory_Name VAL Black Acre Brewing Co. . COL Style VAL American Amber /  	COL Beer_Name VAL Brannon_s Deputation Imperial Red Ale COL Brew_Factory_Name VAL Pub and Brewery COL Style VAL American Strong  	0.062 	0.08789999999999999 	0
COL Beer_Name VAL Clifford 's Big Red Ale COL Brew_Factory_Name VAL Funky Buddha Brewery COL Style VAL American Amber /  	COL Beer_Name VAL Big Time Lift Ticket American Red Ale COL Brew_Factory_Name VAL Brewery COL Style VAL India Pale &#40; IPA &#41;  	0.09699999999999999 	0.07 	0
COL Beer_Name VAL Red Racer India Style Ale COL Brew_Factory_Name VAL Central City Brewers + Distillers COL VAL American Amber /  	COL Beer_Name VAL Heist American Style Red Ale COL Brew_Factory_Name VAL Brewery COL VAL Amber  	0.055999999999999994 	0.045 	0
COL Beer_Name VAL Green Flash Hop Head Red Ale COL Brew_Factory_Name VAL Brewing Co. . COL Style VAL American Amber /  	COL Beer_Name VAL Iron Horse Fresh Hop Imperial Red Ale COL Brew_Factory_Name VAL Brewery COL Style VAL American Strong  	0.081 	0 	0
COL Beer_Name VAL Pike Old Bawdy Barley Wine COL Brew_Factory_Name VAL The Brewing Company COL Style VAL American Barleywine  	COL Beer_Name VAL Bristol Old No. 23 Barley Wine COL Brew_Factory_Name VAL Brewing Company COL Style VAL  	0.099 	0.1125 	0
COL Beer_Name VAL Three Sheets Barleywine ( Syrah Barrel Aged ) COL Brew_Factory_Name VAL Ballast Point Brewing Company COL Style VAL American  	COL Beer_Name VAL Tighthead Barrel Aged Old Kaya Dog Barleywine COL Brew_Factory_Name VAL Brewing Company COL Style VAL Barley Wine  	0.09 	0.10300000000000001 	0
COL Beer_Name VAL Red Rock Opie Ale COL Brew_Factory_Name VAL Brewing Company COL Style VAL American Amber /  	COL Beer_Name VAL Council Rock Sleeping Lion Red Ale COL Brew_Factory_Name VAL Brewery COL Style VAL Irish  	0.04 	0.06 	0
COL Beer_Name VAL Ruby Red American Ale COL Brew_Factory_Name VAL Fat Bottom Brewing COL Style VAL Amber /  	COL Beer_Name VAL Black Shirt American India Red Ale COL Brew_Factory_Name VAL Brewing Company COL Style VAL Strong  	0.061 	0.0709 	0
COL Beer_Name VAL Ruby Red American Ale COL Brew_Factory_Name VAL Fat Bottom Brewing COL Style VAL Amber /  	COL Beer_Name VAL Genesee Brew House American Red Ale COL Brew_Factory_Name VAL Brewing Company &#40; North Breweries &#41; COL Style VAL Amber  	0.061 	0.05 	0
COL Beer_Name VAL Rock Bottom Red Ale COL Brew_Factory_Name VAL Restaurant & Brewery COL Style VAL American Amber /  	COL Beer_Name VAL Rock Bottom La Jolla Ragtop Red Ale COL Brew_Factory_Name VAL COL Style VAL Amber  	0.055999999999999994 	0.054000000000000006 	0
COL Beer_Name VAL Hop Around Imperial Red Ale COL Brew_Factory_Name VAL Big Bay Brewing Co. . COL Style VAL American Amber /  	COL Beer_Name VAL Marble Imperial Red Ale COL Brew_Factory_Name VAL Brewery COL Style VAL American Strong  	0.09 	0.09 	0
COL Beer_Name VAL Blue Bridge Amber Dry Hopped COL Brew_Factory_Name VAL Galveston Island Brewing Company COL Style VAL American / Red Ale  	COL Beer_Name VAL Winthrop Double Dry Hopped Amber COL Brew_Factory_Name VAL Brewing Company COL Style VAL Ale  	0.06 	0 	0
COL Beer_Name VAL Arrow Point Amber COL Brew_Factory_Name VAL Bainbridge Island Brewing Company COL Style VAL American / Red Ale  	COL Beer_Name VAL Bainbridge Island Arrow Point Amber COL Brew_Factory_Name VAL Brewing Company COL Style VAL Ale  	0.054000000000000006 	0.054000000000000006 	1
COL Beer_Name VAL Bourbon Barrel Aged Horus Imperial Red COL Brew_Factory_Name VAL Elevator Brewery & Draught Haus COL Style VAL American Amber / Ale  	COL Beer_Name VAL Lompoc Bourbon Barrel Aged Old Tavern Rat COL Brew_Factory_Name VAL Brewing COL Style VAL Barley Wine  	0.12 	0.09699999999999999 	0
COL Beer_Name VAL Lavery Imperial Red Ale COL Brew_Factory_Name VAL Brewing Company COL Style VAL American Amber /  	COL Beer_Name VAL Laurelwood Organic Deranger Imperial Red Ale COL Brew_Factory_Name VAL Public House & Brewery COL Style VAL American Strong  	0.08199999999999999 	0.086 	0
COL Beer_Name VAL Smuttynose Kindest Find Imperial Red Ale COL Brew_Factory_Name VAL Brewing Company COL Style VAL American Amber /  	COL Beer_Name VAL Rock Bottom Orland Park King of Hearts Imperial Red Ale COL Brew_Factory_Name VAL COL Style VAL American Strong  	0.085 	0.076 	0
COL Beer_Name VAL Brewmaster 's Reserve Imperial Red Ale COL Brew_Factory_Name VAL BJ Chicago Pizza & Brewery Inc. . COL Style VAL American Amber /  	COL Beer_Name VAL Ballast Point Tongue Buckler Imperial Red Ale - Bourbon Barrel Aged COL Brew_Factory_Name VAL Brewing Company COL Style VAL American Strong  	0.092 	0.1 	0
COL Beer_Name VAL Good Medicine Strong Red Ale COL Brew_Factory_Name VAL Great Northern Brewing Co. / Black Star Draught House COL Style VAL American Amber  	COL Beer_Name VAL Good People Stepchild Belgian India Red Ale COL Brew_Factory_Name VAL Brewing Company COL Style VAL Pale &#40; IPA &#41;  	0.075 	0.078 	0
COL Beer_Name VAL Tongue Buckler - Imperial Red Ale COL Brew_Factory_Name VAL Ballast Point Brewing Company COL Style VAL American Amber /  	COL Beer_Name VAL Three Heads Buffalo Soul Jah Imperial Red Ale COL Brew_Factory_Name VAL Custom Brewcrafters COL Style VAL American Strong  	0.1 	0.092 	0
COL Beer_Name VAL Smuttynose Kindest Find Imperial Red Ale COL Brew_Factory_Name VAL Brewing Company COL Style VAL American Amber /  	COL Beer_Name VAL Ballast Point Tongue Buckler Imperial Red Ale - Bourbon Barrel Aged COL Brew_Factory_Name VAL Brewing Company COL Style VAL American Strong  	0.085 	0.1 	0
COL Beer_Name VAL Amber Waves Ale COL Brew_Factory_Name VAL Capitol City Brewing COL Style VAL American / Red  	COL Beer_Name VAL Capitol City Amber Waves Ale COL Brew_Factory_Name VAL Brewing Company COL Style VAL  	0.054000000000000006 	0.055999999999999994 	1
COL Beer_Name VAL Honey Amber Ale COL Brew_Factory_Name VAL RJ Rockers Brewing Company COL Style VAL American / Red  	COL Beer_Name VAL Heavy Seas Desert Island Series American Honey Amber Ale COL Brew_Factory_Name VAL Brewing Company COL Style VAL  	0.057999999999999996 	0.049 	0
COL Beer_Name VAL Batch 200 _ `` Olympus Mons Imperial Red Ale COL Brew_Factory_Name VAL Due South Brewing Co. . COL Style VAL American Amber /  	COL Beer_Name VAL Scuttlebutt Mateo Loco Imperial Red Ale COL Brew_Factory_Name VAL Brewing Co. . COL Style VAL American Strong  	0.092 	0.071 	0
COL Beer_Name VAL Rocky Point Red Ale COL Brew_Factory_Name VAL Revival Brewing Co. . COL Style VAL American Amber /  	COL Beer_Name VAL Alley Kat Rocky Mountain Red Ale &#40; The Cheesecake Cafe &#41; COL Brew_Factory_Name VAL Brewing Company COL Style VAL Irish  	0.055 	0 	0
COL Beer_Name VAL Red Shedman 's Imperial Amber Ale COL Brew_Factory_Name VAL 57 Brew Pub & Bistro COL Style VAL American /  	COL Beer_Name VAL Rock Bottom Orland Park King of Hearts Imperial Red Ale COL Brew_Factory_Name VAL COL Style VAL American Strong  	0.076 	0.076 	0
COL Beer_Name VAL Big Red Ale COL Brew_Factory_Name VAL Car Brewery and Restaurant COL Style VAL American Amber /  	COL Beer_Name VAL Big Bear Lake Sidewinder Red Ale COL Brew_Factory_Name VAL Brewing Company COL Style VAL Amber  	0.057 	0.085 	0
COL Beer_Name VAL Alexander Keith 's Red Amber Ale COL Brew_Factory_Name VAL COL Style VAL American /  	COL Beer_Name VAL Hollywood Beach Red Tide Amber Ale COL Brew_Factory_Name VAL Brewing Company COL Style VAL  	0.05 	0.052000000000000005 	0
COL Beer_Name VAL Brass Ale Honey Amber COL Brew_Factory_Name VAL Great Storm Brewing Co. . COL Style VAL American / Red  	COL Beer_Name VAL Salty Nut Bee Transfixed Honey Amber Ale COL Brew_Factory_Name VAL Brewery COL Style VAL  	0.053 	0.055 	0
COL Beer_Name VAL Tongue Buckler ( Bourbon Barrel Aged ) COL Brew_Factory_Name VAL Ballast Point Brewing Company COL Style VAL American Amber / Red Ale  	COL Beer_Name VAL 23rd Street Pumpkin Ale Bourbon Barrel Aged COL Brew_Factory_Name VAL Brewery COL Style VAL Specialty Grain  	0.1 	0 	0
COL Beer_Name VAL Main Street Amber Ale COL Brew_Factory_Name VAL Fifty West Brewing Co COL Style VAL American / Red  	COL Beer_Name VAL Thorn Street Smugglers Cove Agave Amber Ale COL Brew_Factory_Name VAL Brewery COL Style VAL  	0.046 	0.062 	0
COL Beer_Name VAL Inception Series - Runnin ' With The Devil COL Brew_Factory_Name VAL Nebraska Brewing Company COL Style VAL American Barleywine  	COL Beer_Name VAL 18th Street Deal With the Devil Pale Ale COL Brew_Factory_Name VAL Brewery COL Style VAL Imperial IPA  	0.11900000000000001 	0.085 	0
COL Beer_Name VAL Sanibel Red Island Ale COL Brew_Factory_Name VAL Point Ybel Brewing Company COL Style VAL American Amber /  	COL Beer_Name VAL Baranof Island Redoubt Red Ale COL Brew_Factory_Name VAL Brewing Company COL Style VAL Amber  	0.055999999999999994 	0.06 	0
COL Beer_Name VAL Red Rocket Amber Ale COL Brew_Factory_Name VAL Third Base Sports Bar & Brewery COL Style VAL American /  	COL Beer_Name VAL Third Base Red Rocket Amber Ale COL Brew_Factory_Name VAL Sports Bar & Brewery COL Style VAL  	0.064 	0.046 	1
COL Beer_Name VAL Smuttynose Kindest Find Imperial Red Ale COL Brew_Factory_Name VAL Brewing Company COL Style VAL American Amber /  	COL Beer_Name VAL Brannon_s Deputation Imperial Red Ale COL Brew_Factory_Name VAL Pub and Brewery COL Style VAL American Strong  	0.085 	0.08789999999999999 	0
COL Beer_Name VAL Three Beavers Imperial Red Ale COL Brew_Factory_Name VAL Howe Sound Inn & Brewing Company COL Style VAL American Amber /  	COL Beer_Name VAL Lavery Imperial Red Ale &#40; IRA &#41; COL Brew_Factory_Name VAL Brewing Company COL Style VAL American Strong  	0.075 	0.08199999999999999 	0
COL Beer_Name VAL Elevator Barrel Aged Barley Wine ( Bar ) COL Brew_Factory_Name VAL Brewery & Draught Haus COL Style VAL American Barleywine  	COL Beer_Name VAL Hopworks Bourbon Aged Noggin Floggin Barley Wine COL Brew_Factory_Name VAL Urban Brewery COL Style VAL  	0.11 	0.095 	0
COL Beer_Name VAL Hop Around Imperial Red Ale COL Brew_Factory_Name VAL Big Bay Brewing Co. . COL Style VAL American Amber /  	COL Beer_Name VAL Kern River Dirty Hippie Imperial Red Ale COL Brew_Factory_Name VAL Brewing COL Style VAL American Strong  	0.09 	0.08 	0
COL Beer_Name VAL Bushfire American Red COL Brew_Factory_Name VAL Granite Falls Brewing Co. . COL Style VAL Amber / Ale  	COL Beer_Name VAL Granite Falls Bushfire American Red Ale COL Brew_Factory_Name VAL Brewing Company COL Style VAL Amber  	0.05 	0.05 	1
COL Beer_Name VAL Bourbon Barrel Aged Horus Imperial Red COL Brew_Factory_Name VAL Elevator Brewery & Draught Haus COL Style VAL American Amber / Ale  	COL Beer_Name VAL Riverbend Barrel Aged Right Said Red COL Brew_Factory_Name VAL Brewing & Sports Pub COL Style VAL American Strong Ale  	0.12 	0.092 	0
COL Beer_Name VAL Buffalo Soul Jah Imperial Red Ale COL Brew_Factory_Name VAL Three Heads Brewing COL Style VAL American Amber /  	COL Beer_Name VAL Pizza Port Rhino Chaser Imperial Red Ale COL Brew_Factory_Name VAL &#40; Ocean Beach &#41; COL Style VAL American Strong  	0.092 	0.095 	0
COL Beer_Name VAL Red Headed Slut Amber Ale COL Brew_Factory_Name VAL Twisted K-8 Brewing Company COL Style VAL American /  	COL Beer_Name VAL Blue Cat Red Toad Amber Ale COL Brew_Factory_Name VAL Brew Pub COL Style VAL Premium Bitter/ESB  	0.065 	0.057 	0
COL Beer_Name VAL Sierra Amber Ale COL Brew_Factory_Name VAL Silver Peak Restaurant & Brewery COL Style VAL American / Red  	COL Beer_Name VAL Sierra Andina Alpamayo Amber Ale COL Brew_Factory_Name VAL COL Style VAL  	0.045 	0.057999999999999996 	0
COL Beer_Name VAL Buck And Ball Double Amber Ale COL Brew_Factory_Name VAL Natty Greene 's Pub & Brewing Co. . COL Style VAL American / Red  	COL Beer_Name VAL Fox and Hound Red Amber Ale COL Brew_Factory_Name VAL Anheuser-Busch InBev COL Style VAL  	0.068 	0.051 	0
COL Beer_Name VAL Tongue Buckler - Imperial Red Ale COL Brew_Factory_Name VAL Ballast Point Brewing Company COL Style VAL American Amber /  	COL Beer_Name VAL Worthy Eruption Imperial Red Ale COL Brew_Factory_Name VAL Brewing Company COL Style VAL American Strong  	0.1 	0.08 	0
COL Beer_Name VAL Green Lakes Organic Ale COL Brew_Factory_Name VAL Deschutes Brewery COL Style VAL American Amber / Red  	COL Beer_Name VAL Deschutes Green Lakes Non-Organic Ale COL Brew_Factory_Name VAL Brewery COL Style VAL Amber  	0.052000000000000005 	0.064 	0
COL Beer_Name VAL Starlord 's Mixtape / Groot Drank Imperial Red Ale COL Brew_Factory_Name VAL Charging Hippo Brewing Co. . COL Style VAL American Amber  	COL Beer_Name VAL 406 Imperial Red Ale COL Brew_Factory_Name VAL Brewing Company COL Style VAL American Strong  	0.08199999999999999 	0.092 	0
COL Beer_Name VAL Red Racer India Style Ale COL Brew_Factory_Name VAL Central City Brewers + Distillers COL VAL American Amber /  	COL Beer_Name VAL GoodLife Redside India Red Ale COL Brew_Factory_Name VAL Brewing Company COL Style VAL Pale &#40; IPA &#41;  	0.055999999999999994 	0.06 	0
COL Beer_Name VAL Rabbit Mountain Red Ale COL Brew_Factory_Name VAL 300 Suns Brewing COL Style VAL American Amber /  	COL Beer_Name VAL Figueroa Mountain / Pizza Port Shark Lips Imperial Red Ale COL Brew_Factory_Name VAL Brewing COL Style VAL American Strong  	0.068 	0.08 	0
COL Beer_Name VAL Easy Amber Ale COL Brew_Factory_Name VAL Scottsdale Beer Company COL Style VAL American / Red  	COL Beer_Name VAL Upland Easy Chair Amber Ale COL Brew_Factory_Name VAL Brewing Company COL Style VAL  	0.057 	0.055999999999999994 	0
COL Beer_Name VAL Legends Of The Bay Giant 's Tomb COL Brew_Factory_Name VAL Hockley Valley Brewing Co. . COL Style VAL American Amber / Red Ale  	COL Beer_Name VAL Legends of the Bay Giant_s Tomb COL Brew_Factory_Name VAL Hockley Valley Brewing & Malting Company COL Style VAL Amber Ale  	0.05 	0.05 	1
COL Beer_Name VAL Barrel Aged Imperial Red COL Brew_Factory_Name VAL Hale 's Ales Brewery & Pub COL Style VAL American Amber / Ale  	COL Beer_Name VAL Intuition Barrel Aged Riverside Red COL Brew_Factory_Name VAL Ale Works COL Style VAL Amber  	0.09 	0.078 	0
COL Beer_Name VAL Red Rocket Amber Ale COL Brew_Factory_Name VAL Third Base Sports Bar & Brewery COL Style VAL American /  	COL Beer_Name VAL Liberty Street Red Glare Amber Ale COL Brew_Factory_Name VAL Brewing Company COL Style VAL  	0.064 	0.052000000000000005 	0
COL Beer_Name VAL Red Hopper ( Imperial Ale ) COL Brew_Factory_Name VAL Black Acre Brewing Co. . COL Style VAL American Amber /  	COL Beer_Name VAL Kinetic Infrared Imperial Red Ale COL Brew_Factory_Name VAL Brewing Company COL Style VAL American Strong  	0.062 	0.09300000000000001 	0
COL Beer_Name VAL Lower De Boom Barleywine COL Brew_Factory_Name VAL 21st Amendment Brewery COL Style VAL American  	COL Beer_Name VAL 21st Amendment Bourbon Barrel Lower da Boom Barleywine COL Brew_Factory_Name VAL Brewery COL Style VAL Barley Wine  	0.115 	0.095 	0
COL Beer_Name VAL Ulysses Imperial Red Ale COL Brew_Factory_Name VAL Barley 's Brewing Company COL Style VAL American Amber /  	COL Beer_Name VAL Renegade Scarlett Letter Imperial Red Ale COL Brew_Factory_Name VAL Brewing Company COL Style VAL American Strong  	0 	0.085 	0
COL Beer_Name VAL Amber Ale With Spanish Orange COL Brew_Factory_Name VAL Dangerous Man Brewing COL Style VAL American / Red  	COL Beer_Name VAL Big Bear Mountain Orange Blossom Amber Ale COL Brew_Factory_Name VAL Brewery COL Style VAL Fruit Beer  	0.06 	0.045 	0
COL Beer_Name VAL Starlord 's Mixtape / Groot Drank Imperial Red Ale COL Brew_Factory_Name VAL Charging Hippo Brewing Co. . COL Style VAL American Amber  	COL Beer_Name VAL Lagunitas Imperial Red Ale COL Brew_Factory_Name VAL Brewing Company &#40; Heineken &#41; COL Style VAL American Strong  	0.08199999999999999 	0.078 	0
COL Beer_Name VAL Brew Kahuna NW Red Ale COL Brew_Factory_Name VAL Sky High Brewing COL Style VAL American Amber /  	COL Beer_Name VAL Brew Bus Detour Series : Rollin Dirty Red Ale - Wood Aged COL Brew_Factory_Name VAL Cigar City Brewing COL Style VAL Irish  	0.052000000000000005 	0.05 	0
COL Beer_Name VAL Willoughby American Amber Ale COL Brew_Factory_Name VAL Brewing COL Style VAL / Red  	COL Beer_Name VAL Willoughby American Amber Ale COL Brew_Factory_Name VAL Brewing Co. . COL Style VAL  	0.049 	0.055 	1
COL Beer_Name VAL Frost Quake Bourbon Barrel Aged Barley Wine COL Brew_Factory_Name VAL Wellington County Brewery COL Style VAL American Barleywine  	COL Beer_Name VAL Lompoc Bourbon Barrel Aged Proletariat Red Ale COL Brew_Factory_Name VAL Brewing COL Style VAL Amber  	0.098 	0.064 	0
COL Beer_Name VAL Ambleside Amber Ale COL Brew_Factory_Name VAL Bridge Brewing Company COL Style VAL American / Red  	COL Beer_Name VAL Bridge Ambleside Amber Ale - Pomegranate & Galena Hops COL Brew_Factory_Name VAL Brewing Company COL Style VAL  	0.053 	0.053 	0
COL Beer_Name VAL Lavery Imperial Red Ale COL Brew_Factory_Name VAL Brewing Company COL Style VAL American Amber /  	COL Beer_Name VAL Ale Mania Imperial Red COL Brew_Factory_Name VAL &#40; Fritz &#41; COL Style VAL American Strong  	0.08199999999999999 	0.095 	0
COL Beer_Name VAL Mountain City Amber Ale COL Brew_Factory_Name VAL Tommyknocker Brewery COL Style VAL American / Red  	COL Beer_Name VAL Fin City Jackspot Amber Ale COL Brew_Factory_Name VAL Brewing Company COL Style VAL  	0.054000000000000006 	0.057999999999999996 	0
COL Beer_Name VAL Sledgehammer Imperial Red Ale COL Brew_Factory_Name VAL Cambridge Brewing Company COL Style VAL American Amber /  	COL Beer_Name VAL Ale Mania Imperial Red COL Brew_Factory_Name VAL &#40; Fritz &#41; COL Style VAL American Strong  	0.0775 	0.095 	0
COL Beer_Name VAL Imperial Red Ale ( Spring Seasonal ) COL Brew_Factory_Name VAL Edge Brewing Company COL Style VAL American Amber /  	COL Beer_Name VAL Ballast Point Tongue Buckler Imperial Red Ale COL Brew_Factory_Name VAL Brewing Company COL Style VAL American Strong  	0.085 	0.1 	0
COL Beer_Name VAL Old Guardian Barley Wine Style Ale - Red Barrel Aged COL Brew_Factory_Name VAL Stone Brewing Co. . COL VAL American Barleywine  	COL Beer_Name VAL Brew Bus Detour Series : Rollin Dirty Red Ale - Wood Aged COL Brew_Factory_Name VAL Cigar City Brewing COL Style VAL Irish  	0.11199999999999999 	0.05 	0
COL Beer_Name VAL Heatwave Red Ale COL Brew_Factory_Name VAL La Quinta Brewing Co. . COL Style VAL American Amber /  	COL Beer_Name VAL La Quinta Brewing Co. . Heatwave Red Ale COL Brew_Factory_Name VAL COL Style VAL Amber  	0.06 	0.06 	1
COL Beer_Name VAL Unite Red Rye Ale COL Brew_Factory_Name VAL The Pike Brewing Company COL Style VAL American Amber /  	COL Beer_Name VAL Midnight Sun Unite Double Red Hot Ale &#40; 2015 &#41; COL Brew_Factory_Name VAL Brewing Company COL Style VAL Amber  	0.046 	0.075 	0
COL Beer_Name VAL Red Dread Imperial Ale COL Brew_Factory_Name VAL Bitter Root Brewing COL Style VAL American Amber /  	COL Beer_Name VAL Two Brothers Revelry Imperial Red Ale COL Brew_Factory_Name VAL Brewing Company COL Style VAL American Strong  	0.0824 	0.095 	0
COL Beer_Name VAL Barrel Aged Imperial Red COL Brew_Factory_Name VAL Hale 's Ales Brewery & Pub COL Style VAL American Amber / Ale  	COL Beer_Name VAL Kettle House Bourbon Barrel Road Rash Imperial Red Ale COL Brew_Factory_Name VAL Brewing Company COL Style VAL American Strong  	0.09 	0.13 	0
COL Beer_Name VAL Red Toad Amber Ale COL Brew_Factory_Name VAL Blue Cat Brew Pub COL Style VAL American /  	COL Beer_Name VAL Baird Red Rose Amber Ale COL Brew_Factory_Name VAL Brewing Co. . COL Style VAL California Common  	0.057 	0.054000000000000006 	0
COL Beer_Name VAL Red Dirt Imperial Ale COL Brew_Factory_Name VAL Wiley Roots Brewing Co COL Style VAL American Amber /  	COL Beer_Name VAL AleSmith YuleSmith &#40; Winter &#41; Imperial Red Ale COL Brew_Factory_Name VAL Brewing Company COL Style VAL American Strong  	0.08199999999999999 	0.085 	0
COL Beer_Name VAL Red Fox Amber Ale COL Brew_Factory_Name VAL Rogue Ales COL Style VAL American /  	COL Beer_Name VAL Big Texan Texas Red Amber Ale COL Brew_Factory_Name VAL Brewery COL Style VAL  	0 	0.045 	0
COL Beer_Name VAL BJ 's Imperial Red Ale COL Brew_Factory_Name VAL Restaurant & Brewhouse COL Style VAL American Amber /  	COL Beer_Name VAL Kinetic Infrared Imperial Red Ale COL Brew_Factory_Name VAL Brewing Company COL Style VAL American Strong  	0.09 	0.09300000000000001 	0
COL Beer_Name VAL Mount Washington Organic Amber Ale COL Brew_Factory_Name VAL Peak Brewing Company COL Style VAL American / Red  	COL Beer_Name VAL Outpost Mr. Grain Jeans Organic Amber Ale COL Brew_Factory_Name VAL Lakefront Brewery COL Style VAL  	0 	0.055 	0
COL Beer_Name VAL Imperial Moustache Red Ale COL Brew_Factory_Name VAL Salty Nut Brewery COL Style VAL American Amber /  	COL Beer_Name VAL Phillips Double Dragon Imperial Red Ale COL Brew_Factory_Name VAL Brewing Co. . COL Style VAL American Strong  	0.06 	0.08199999999999999 	0
COL Beer_Name VAL Green Flash Hop Head Red Ale COL Brew_Factory_Name VAL Brewing Co. . COL Style VAL American Amber /  	COL Beer_Name VAL Bagby Hop Crop Red Ale COL Brew_Factory_Name VAL Beer Company COL Style VAL Amber  	0.081 	0.059000000000000004 	0
COL Beer_Name VAL Mountain City Amber Ale COL Brew_Factory_Name VAL Tommyknocker Brewery COL Style VAL American / Red  	COL Beer_Name VAL Colorado Mountain Ole 59er Amber Ale COL Brew_Factory_Name VAL Brewery COL Style VAL  	0.054000000000000006 	0.052000000000000005 	0
COL Beer_Name VAL Thomas Hooker Old Marley Barleywine COL Brew_Factory_Name VAL Brewing Company COL Style VAL American  	COL Beer_Name VAL Thomas Hooker Old Marley Barleywine COL Brew_Factory_Name VAL Brewing Company COL Style VAL Barley Wine  	0.1 	0.1 	1
COL Beer_Name VAL Centurion Barleywine Ale COL Brew_Factory_Name VAL Golden City Brewery COL Style VAL American  	COL Beer_Name VAL Golden City Centurion Barleywine Ale COL Brew_Factory_Name VAL Brewery COL Style VAL Barley Wine  	0 	0.11199999999999999 	1
COL Beer_Name VAL Red Ale Priprioca COL Brew_Factory_Name VAL Cervejaria AmazÃ ´ nia Ltda . COL Style VAL American Amber /  	COL Beer_Name VAL Amazon Beer Priprioca Red Ale COL Brew_Factory_Name VAL COL Style VAL Amber  	0.06 	0.06 	1
COL Beer_Name VAL Big Red Balls COL Brew_Factory_Name VAL Hillcrest Brewing Company COL Style VAL American Amber / Ale  	COL Beer_Name VAL Hillcrest Big Red Balls COL Brew_Factory_Name VAL Brewing Company COL Style VAL Imperial IPA  	0.08 	0.08 	1
