COL Beer_Name VAL Mountain Goat Fancy Pants Amber Ale COL Brew_Factory_Name VAL Beer Pty Ltd COL Style VAL American / Red  	COL Beer_Name VAL Breckenridge Mountain Series : Hoppy Amber Ale COL Brew_Factory_Name VAL Brewery COL Style VAL  	0.054000000000000006 	0.061 	0
COL Beer_Name VAL Hoppy Amber Ale ( Mountain Series ) COL Brew_Factory_Name VAL Breckenridge Brewery COL Style VAL American / Red  	COL Beer_Name VAL Colorado Mountain Ole 59er Amber Ale COL Brew_Factory_Name VAL Brewery COL Style VAL  	0.061 	0.052000000000000005 	0
COL Beer_Name VAL Hoppy Face Amber Ale COL Brew_Factory_Name VAL Brewing Co. . COL Style VAL American / Red  	COL Beer_Name VAL 2nd Story Hoppy New Year Amber Ale COL Brew_Factory_Name VAL Brewing Company COL Style VAL  	0.061 	0.057 	0
COL Beer_Name VAL Bonehead Red Bourbon Barrel Aged Imperial COL Brew_Factory_Name VAL Four Peaks Brewing Company - 8th Street Brewery COL Style VAL American Amber / Ale  	COL Beer_Name VAL Andersonville Bourbon Barrel Aged Sour Gangster COL Brew_Factory_Name VAL Brewing Company COL Style VAL Red/Brown  	0.08 	0.055 	0
COL Beer_Name VAL Red Rose Amber Ale COL Brew_Factory_Name VAL Baird Brewing Company / Fishmarket Taproom COL Style VAL American  	COL Beer_Name VAL Upland Rad Red Amber Ale COL Brew_Factory_Name VAL Brewing Company COL Style VAL  	0.054000000000000006 	0.055999999999999994 	0
COL Beer_Name VAL Freedom Bridge Amber Ale COL Brew_Factory_Name VAL Barley Brothers Brewery & Grill COL Style VAL American / Red  	COL Beer_Name VAL Bridge Ambleside Amber Ale - Pomegranate & Galena Hops COL Brew_Factory_Name VAL Brewing Company COL Style VAL  	0 	0.053 	0
COL Beer_Name VAL Buckleys Original Ale COL Brew_Factory_Name VAL Buckley 's Beers COL Style VAL American Amber / Red  	COL Beer_Name VAL Buckleys Original Ale COL Brew_Factory_Name VAL Yarra Flats Brewery COL Style VAL English Pale  	0.045 	0.049 	1
COL Beer_Name VAL Barrel Aged Red Ale COL Brew_Factory_Name VAL BearWaters Brewing Co. . COL Style VAL American Amber /  	COL Beer_Name VAL Riverbend Barrel Aged Right Said Red COL Brew_Factory_Name VAL Brewing & Sports Pub COL Style VAL American Strong Ale  	0.067 	0.092 	0
COL Beer_Name VAL Double Dread Imperial Red Ale COL Brew_Factory_Name VAL Mad River Brewing Company COL Style VAL American Amber /  	COL Beer_Name VAL Kinetic Infrared Imperial Red Ale COL Brew_Factory_Name VAL Brewing Company COL Style VAL American Strong  	0.086 	0.09300000000000001 	0
COL Beer_Name VAL Double Dragon Imperial Red Ale COL Brew_Factory_Name VAL Phillips Brewing Company COL Style VAL American Amber /  	COL Beer_Name VAL Yukon You Only Live Once Imperial Red Ale COL Brew_Factory_Name VAL Brewing Company COL Style VAL Amber  	0.08199999999999999 	0.075 	0
COL Beer_Name VAL Indian Red Head COL Brew_Factory_Name VAL Catawba Brewing Co. . COL Style VAL American Amber / Ale  	COL Beer_Name VAL Catawba Valley Indian Head Red COL Brew_Factory_Name VAL Brewing Company COL Style VAL Amber Ale  	0.05 	0.05 	1
COL Beer_Name VAL Saint Gleason Imperial Red Ale COL Brew_Factory_Name VAL Abita Brewing Co. . COL Style VAL American Amber /  	COL Beer_Name VAL Renegade Scarlett Letter Imperial Red Ale COL Brew_Factory_Name VAL Brewing Company COL Style VAL American Strong  	0 	0.085 	0
COL Beer_Name VAL Old Detroit Amber Ale COL Brew_Factory_Name VAL Frankenmuth Brewery COL Style VAL American / Red  	COL Beer_Name VAL Maldita Old Continent American Amber Ale COL Brew_Factory_Name VAL Faustino Microcervejeira COL Style VAL  	0.055999999999999994 	0.06 	0
COL Beer_Name VAL Ale Mania Imperial Red COL Brew_Factory_Name VAL Ale-Mania COL Style VAL American Amber /  	COL Beer_Name VAL Kern River Dirty Hippie Imperial Red Ale COL Brew_Factory_Name VAL Brewing COL Style VAL American Strong  	0.095 	0.08 	0
COL Beer_Name VAL Ale Mania Imperial Red COL Brew_Factory_Name VAL Ale-Mania COL Style VAL American Amber /  	COL Beer_Name VAL Worthy Eruption Imperial Red Ale COL Brew_Factory_Name VAL Brewing Company COL Style VAL American Strong  	0.095 	0.08 	0
COL Beer_Name VAL Radeau Red Ale COL Brew_Factory_Name VAL Cooper 's Cave Company COL Style VAL American Amber /  	COL Beer_Name VAL Coopers Cave Radeau Red Ale COL Brew_Factory_Name VAL Company COL Style VAL Irish  	0.055 	0 	1
COL Beer_Name VAL Monkey King Amber Ale COL Brew_Factory_Name VAL Moonzen Brewery COL Style VAL American / Red  	COL Beer_Name VAL RJ King Wingwalker Amber Ale COL Brew_Factory_Name VAL Genesee Brewing Company &#40; North American Breweries &#41; COL Style VAL Oktoberfest/M Ã $ rzen  	0.05 	0.045 	0
COL Beer_Name VAL Big Red Hoppy Barn COL Brew_Factory_Name VAL Westfield River Brewing Company COL Style VAL American Amber / Ale  	COL Beer_Name VAL 21st Amendment Big Hoppy Red Bird COL Brew_Factory_Name VAL Brewery COL Style VAL Amber Ale  	0.095 	0.071 	0
COL Beer_Name VAL Big V Amber Ale COL Brew_Factory_Name VAL FreeWheel Brewing Company COL Style VAL American / Red  	COL Beer_Name VAL Big Bear Mountain Orange Blossom Amber Ale COL Brew_Factory_Name VAL Brewery COL Style VAL Fruit Beer  	0.04 	0.045 	0
COL Beer_Name VAL Hop Around Imperial Red Ale COL Brew_Factory_Name VAL Big Bay Brewing Co. . COL Style VAL American Amber /  	COL Beer_Name VAL Oak Creek King Crimson Imperial Red Ale COL Brew_Factory_Name VAL Brewing Co. . COL Style VAL American Strong  	0.09 	0.095 	0
COL Beer_Name VAL Channary Imperial Red Ale COL Brew_Factory_Name VAL Narrows Brewing Co. . COL Style VAL American Amber /  	COL Beer_Name VAL Two Brothers Revelry Imperial Red Ale COL Brew_Factory_Name VAL Brewing Company COL Style VAL American Strong  	0.094 	0.095 	0
COL Beer_Name VAL Double Red Hot Ale COL Brew_Factory_Name VAL Midnight Sun Brewing Co. . COL Style VAL American Amber /  	COL Beer_Name VAL Below Grade Super Duty Double Red Ale COL Brew_Factory_Name VAL Brewing LLC COL Style VAL American Strong  	0.0757 	0.077 	0
COL Beer_Name VAL Crater Lake Amber Ale COL Brew_Factory_Name VAL Klamath Basin Brewing Co. - The Creamery Brew Pub And Grill COL Style VAL American / Red  	COL Beer_Name VAL Flathead Lake Dock Start Amber Ale COL Brew_Factory_Name VAL Brewing Company COL Style VAL  	0.06 	0.055999999999999994 	0
COL Beer_Name VAL American India Red Ale COL Brew_Factory_Name VAL Black Shirt Brewing Co. . COL Style VAL Amber /  	COL Beer_Name VAL Lofty Zeb_s American Red Ale COL Brew_Factory_Name VAL Brewing Company COL Style VAL Amber  	0.0718 	0.054000000000000006 	0
COL Beer_Name VAL Fresh Hop Red COL Brew_Factory_Name VAL Liquid Mechanics Brewing Co. . COL Style VAL American Amber / Ale  	COL Beer_Name VAL Laurelwood Fresh Hop Free Range Red &#40; Amarillo &#41; COL Brew_Factory_Name VAL Public House & Brewery COL Style VAL Amber Ale  	0.07400000000000001 	0.061 	0
COL Beer_Name VAL Escanaba River Amber Ale COL Brew_Factory_Name VAL Dead Bear Brewing Co. . COL Style VAL American / Red  	COL Beer_Name VAL Piney River McKinney Eddy Amber Ale COL Brew_Factory_Name VAL Brewing Company COL Style VAL  	0.0576 	0 	0
COL Beer_Name VAL Hop Around Imperial Red Ale COL Brew_Factory_Name VAL Big Bay Brewing Co. . COL Style VAL American Amber /  	COL Beer_Name VAL Figueroa Mountain / Pizza Port Shark Lips Imperial Red Ale COL Brew_Factory_Name VAL Brewing COL Style VAL American Strong  	0.09 	0.08 	0
COL Beer_Name VAL 5 Star Amber Ale COL Brew_Factory_Name VAL The Civil Life Brewing Company COL Style VAL American / Red  	COL Beer_Name VAL The Civil Life Stevie_s 5 Star Amber Ale COL Brew_Factory_Name VAL Brewing Company COL Style VAL  	0.05 	0.05 	1
COL Beer_Name VAL Boundary Bay Amber Ale COL Brew_Factory_Name VAL Brewery & Bistro COL Style VAL American / Red  	COL Beer_Name VAL Half Moon Bay Mavericks Amber Ale COL Brew_Factory_Name VAL Brewing Company COL Style VAL  	0 	0.048 	0
COL Beer_Name VAL Killer Red Fresh Hop India Ale COL Brew_Factory_Name VAL Double Mountain Brewery & Taproom COL Style VAL American Amber /  	COL Beer_Name VAL Central City Red Racer India Style Ale COL Brew_Factory_Name VAL Brewers + Distillers COL VAL Irish  	0.07200000000000001 	0.055 	0
COL Beer_Name VAL Buffalo Soul Jah Imperial Red Ale COL Brew_Factory_Name VAL Three Heads Brewing COL Style VAL American Amber /  	COL Beer_Name VAL Lagunitas Imperial Red Ale COL Brew_Factory_Name VAL Brewing Company &#40; Heineken &#41; COL Style VAL American Strong  	0.092 	0.078 	0
COL Beer_Name VAL Big Axe Red Ale COL Brew_Factory_Name VAL Brewing Company COL Style VAL American Amber /  	COL Beer_Name VAL Big Island Red Giant Ale COL Brew_Factory_Name VAL Brewhaus COL Style VAL American Strong  	0.068 	0.065 	0
COL Beer_Name VAL The Live Bait Amber Ale COL Brew_Factory_Name VAL Mudhook Brewing Company COL Style VAL American / Red  	COL Beer_Name VAL BNS The Hills Have Eyes Amber Ale COL Brew_Factory_Name VAL Brewing & Distilling COL Style VAL  	0.06 	0.052000000000000005 	0
COL Beer_Name VAL Rock Steady Red COL Brew_Factory_Name VAL The Wood Fire Pizza & Brewery COL Style VAL American Amber / Ale  	COL Beer_Name VAL Acoustic Rock Steady Red Cider COL Brew_Factory_Name VAL Brewing Company COL Style VAL  	0.05 	0.06 	1
COL Beer_Name VAL Bourbon Barrel Ro Shampo Imperial Red Ale COL Brew_Factory_Name VAL Figure 8 Brewing COL Style VAL American Amber /  	COL Beer_Name VAL Renegade Scarlett Letter Imperial Red Ale COL Brew_Factory_Name VAL Brewing Company COL Style VAL American Strong  	0 	0.085 	0
COL Beer_Name VAL Red 's Heaven 15th Anniversary Imperial Ale COL Brew_Factory_Name VAL Flying Bison Brewing Company COL Style VAL American Amber /  	COL Beer_Name VAL Austin Beerworks Battle Axe Imperial Red Ale COL Brew_Factory_Name VAL COL Style VAL American Strong  	0.083 	0.08 	0
COL Beer_Name VAL Simeon Jones River Valley Amber Ale COL Brew_Factory_Name VAL Picaroons Brewing Co. . COL Style VAL American / Red  	COL Beer_Name VAL Metolius River Ales Rusty Spinner Amber Ale COL Brew_Factory_Name VAL Genesee Brewing Company &#40; North American Breweries &#41; COL Style VAL  	0.045 	0.051 	0
COL Beer_Name VAL Red 's Heaven 15th Anniversary Imperial Ale COL Brew_Factory_Name VAL Flying Bison Brewing Company COL Style VAL American Amber /  	COL Beer_Name VAL Knee Deep McCarthy_s Bane Imperial Red Ale COL Brew_Factory_Name VAL Brewing Company COL Style VAL American Strong  	0.083 	0.08 	0
COL Beer_Name VAL Red Shedman 's Imperial Amber Ale COL Brew_Factory_Name VAL 57 Brew Pub & Bistro COL Style VAL American /  	COL Beer_Name VAL Boxing Cat Firecracker Imperial Red Ale COL Brew_Factory_Name VAL Brewery COL Style VAL Amber  	0.076 	0.066 	0
COL Beer_Name VAL Spencer Creek Amber Ale COL Brew_Factory_Name VAL Mia & Pia 's Pizzeria And Brewhouse COL Style VAL American / Red  	COL Beer_Name VAL Ruby Mountain Angel Creek Amber Ale COL Brew_Factory_Name VAL Brewing Company COL Style VAL  	0.055 	0 	0
COL Beer_Name VAL Rock River Red Ale COL Brew_Factory_Name VAL Berghoff Brewery COL Style VAL American Amber /  	COL Beer_Name VAL Boxing Rock Temptation Red Ale COL Brew_Factory_Name VAL Brewing Company COL Style VAL Amber  	0 	0.06 	0
COL Beer_Name VAL AmEn ! Barleywine - Barrel Aged COL Brew_Factory_Name VAL Cahoots Brewing COL Style VAL American  	COL Beer_Name VAL Tighthead Barrel Aged Old Kaya Dog Barleywine COL Brew_Factory_Name VAL Brewing Company COL Style VAL Barley Wine  	0.111 	0.10300000000000001 	0
COL Beer_Name VAL British Knight Scotch Red Ale COL Brew_Factory_Name VAL Oskar Blues Grill & Brew COL Style VAL American Amber /  	COL Beer_Name VAL Oskar Blues British Knight Scotch Red Ale COL Brew_Factory_Name VAL Brewery COL Style VAL Scottish  	0.07400000000000001 	0.07400000000000001 	1
COL Beer_Name VAL Climax Noel - Imperial Red Ale COL Brew_Factory_Name VAL Eel River Brewing Co. . COL Style VAL American Amber /  	COL Beer_Name VAL Edge Imperial Red Ale &#40; Spring Seasonal &#41; COL Brew_Factory_Name VAL Brewing Company COL Style VAL American Strong  	0.092 	0.085 	0
COL Beer_Name VAL Deputation Imperial Red Ale COL Brew_Factory_Name VAL Brannon 's Pub and Brewery COL Style VAL American Amber /  	COL Beer_Name VAL Rock Bottom Orland Park King of Hearts Imperial Red Ale COL Brew_Factory_Name VAL COL Style VAL American Strong  	0.08 	0.076 	0
COL Beer_Name VAL Red RYEding Hood COL Brew_Factory_Name VAL Chapman 's Brewing Company COL Style VAL American Amber / Ale  	COL Beer_Name VAL Chapman_s Red RYEding Hood COL Brew_Factory_Name VAL Brewing Company COL Style VAL Specialty Grain  	0.1 	0.1 	1
COL Beer_Name VAL Rhino Chaser Imperial Red Ale COL Brew_Factory_Name VAL Pizza Port Solana Beach COL Style VAL American Amber /  	COL Beer_Name VAL Edge Imperial Red Ale &#40; Spring Seasonal &#41; COL Brew_Factory_Name VAL Brewing Company COL Style VAL American Strong  	0.095 	0.085 	0
COL Beer_Name VAL Stone Liberty Station Outbreak Series : Red Ale COL Brew_Factory_Name VAL Brewing Co. . COL Style VAL American Amber /  	COL Beer_Name VAL Brew Bus Detour Series : Rollin Dirty Red Ale - Wood Aged COL Brew_Factory_Name VAL Cigar City Brewing COL Style VAL Irish  	0.07 	0.05 	0
COL Beer_Name VAL San Marcos Red Amber Ale COL Brew_Factory_Name VAL Brewery & Grill COL Style VAL American /  	COL Beer_Name VAL Fish Rock Red Emperor Amber Ale COL Brew_Factory_Name VAL Australian Independent Brewers COL Style VAL  	0.059000000000000004 	0.045 	0
COL Beer_Name VAL Climax Noel - Imperial Red Ale COL Brew_Factory_Name VAL Eel River Brewing Co. . COL Style VAL American Amber /  	COL Beer_Name VAL Rusty Truck Stupiphany Imperial Red Ale COL Brew_Factory_Name VAL Brewing / Roadhouse 101 COL Style VAL American Strong  	0.092 	0.08 	0
COL Beer_Name VAL Alaskan Imperial Red Ale ( Pilot Series ) COL Brew_Factory_Name VAL Brewing Co. . COL Style VAL American Amber /  	COL Beer_Name VAL Lagunitas Imperial Red Ale COL Brew_Factory_Name VAL Brewing Company &#40; Heineken &#41; COL Style VAL American Strong  	0.085 	0.078 	0
COL Beer_Name VAL Killer Red Fresh Hop India Ale COL Brew_Factory_Name VAL Double Mountain Brewery & Taproom COL Style VAL American Amber /  	COL Beer_Name VAL 8 Wired Tall Poppy India Red Ale COL Brew_Factory_Name VAL Renaissance Brewing COL Style VAL Amber  	0.07200000000000001 	0.07 	0
COL Beer_Name VAL Flying Monkey Amber Ale COL Brew_Factory_Name VAL Brewing Company COL Style VAL American / Red  	COL Beer_Name VAL Flying Monkeys Amber Ale COL Brew_Factory_Name VAL Craft Brewery COL Style VAL  	0.046 	0.05 	0
COL Beer_Name VAL Oak-Aged Backburner ( Imperial Barley Wine Style Ale ) COL Brew_Factory_Name VAL Southern Tier Brewing Company COL VAL American Barleywine  	COL Beer_Name VAL Amsterdam X Sawdust City Great Lakes Indie Ale Barley Wine &#40; Oak &#41; COL Brew_Factory_Name VAL Brewing Company COL Style VAL  	0.096 	0.1 	0
COL Beer_Name VAL Kickin ' Chicken Bourbon Barrel Barley Wine COL Brew_Factory_Name VAL Santa Fe Brewing Company COL Style VAL American Barleywine  	COL Beer_Name VAL Elevator Barrel Aged Barley Wine COL Brew_Factory_Name VAL Brewing Company COL Style VAL  	0.12 	0 	0
COL Beer_Name VAL Saint Gleason Imperial Red Ale COL Brew_Factory_Name VAL Abita Brewing Co. . COL Style VAL American Amber /  	COL Beer_Name VAL Yukon You Only Live Once Imperial Red Ale COL Brew_Factory_Name VAL Brewing Company COL Style VAL Amber  	0 	0.075 	0
COL Beer_Name VAL JT Schmid 's Emil Amber Ale COL Brew_Factory_Name VAL Restaurant & Brewery COL Style VAL American / Red  	COL Beer_Name VAL JT Schmids Emils Amber Ale COL Brew_Factory_Name VAL Brewhouse & Eatery COL Style VAL  	0.052000000000000005 	0.052000000000000005 	0
COL Beer_Name VAL Ole ' Redbeard Barleywine ( Bourbon Barrel Aged ) COL Brew_Factory_Name VAL Fitger 's Brewhouse COL Style VAL American  	COL Beer_Name VAL Columbus Bourbon Barrel Aged Uncle Rusty COL Brew_Factory_Name VAL Brewing Company COL Style VAL American Strong Ale  	0 	0 	0
COL Beer_Name VAL Wobbly Red Ale COL Brew_Factory_Name VAL Dirty Hands Brewing Company COL Style VAL American Amber /  	COL Beer_Name VAL Crannog Wobbly Toddler Red Milk Ale COL Brew_Factory_Name VAL Ales COL Style VAL English Strong  	0.059000000000000004 	0.075 	0
COL Beer_Name VAL Revenuers Red Ale COL Brew_Factory_Name VAL Catawba Brewing Co. . COL Style VAL American Amber /  	COL Beer_Name VAL Catawba Valley Revenuers Red Ale COL Brew_Factory_Name VAL Brewing Company COL Style VAL Irish  	0.052000000000000005 	0.052000000000000005 	1
COL Beer_Name VAL Old Guardian Barley Wine Style Ale - Bourbon Barrel Aged COL Brew_Factory_Name VAL Stone Brewing Co. . COL VAL American Barleywine  	COL Beer_Name VAL Columbus Bourbon Barrel Aged Uncle Rusty COL Brew_Factory_Name VAL Brewing Company COL Style VAL American Strong Ale  	0.11199999999999999 	0 	0
COL Beer_Name VAL Sierra Amber Ale COL Brew_Factory_Name VAL Silver Peak Restaurant & Brewery COL Style VAL American / Red  	COL Beer_Name VAL Chy_e Sierra Amber Ale COL Brew_Factory_Name VAL Zamecky Pivovar COL Style VAL  	0.045 	0.053 	1
COL Beer_Name VAL Three Beavers Imperial Red Ale COL Brew_Factory_Name VAL Howe Sound Inn & Brewing Company COL Style VAL American Amber /  	COL Beer_Name VAL Worthy Eruption Imperial Red Ale COL Brew_Factory_Name VAL Brewing Company COL Style VAL American Strong  	0.075 	0.08 	0
COL Beer_Name VAL Redeemer Imperial Red Ale COL Brew_Factory_Name VAL Boston Beer Works - Canal Street COL Style VAL American Amber /  	COL Beer_Name VAL Laguna Beach Grateful Red Imperial Ale COL Brew_Factory_Name VAL Brewing COL Style VAL American Strong  	0.08199999999999999 	0.11 	0
COL Beer_Name VAL Red Toad Amber Ale COL Brew_Factory_Name VAL Blue Cat Brew Pub COL Style VAL American /  	COL Beer_Name VAL Trailhead Red Amber Ale COL Brew_Factory_Name VAL Brewing Co. . COL Style VAL  	0.057 	0 	0
COL Beer_Name VAL S : t Eriks Unite Red Ale COL Brew_Factory_Name VAL Bryggeri COL Style VAL American Amber /  	COL Beer_Name VAL Daytona Beach FL Wildflower Unite Red Ale COL Brew_Factory_Name VAL Brewing Company COL Style VAL Amber  	0.046 	0.059000000000000004 	0
COL Beer_Name VAL Creeper Trail Amber Ale COL Brew_Factory_Name VAL Wolf Hills Brewing Company COL Style VAL American / Red  	COL Beer_Name VAL Black Diamond Steep Trail Amber Ale COL Brew_Factory_Name VAL Brewing Company COL Style VAL  	0.048 	0.057 	0
COL Beer_Name VAL Alexander Keith 's Red Amber Ale COL Brew_Factory_Name VAL COL Style VAL American /  	COL Beer_Name VAL Swashbuckler Red Sea Amber Ale COL Brew_Factory_Name VAL Brewing Company COL Style VAL  	0.05 	0 	0
COL Beer_Name VAL MovAmber Moustache Ale COL Brew_Factory_Name VAL Bull City Burger And Brewery COL Style VAL American Amber / Red  	COL Beer_Name VAL Bull City Movamber Moustache Ale COL Brew_Factory_Name VAL Burger and Brewery COL Style VAL Amber  	0 	0 	1
COL Beer_Name VAL Hooligan Amber Ale COL Brew_Factory_Name VAL Bentley Brewing Company / Dark Horse Tavern COL Style VAL American Red  	COL Beer_Name VAL Bentley Hooligan Amber Ale COL Brew_Factory_Name VAL Brewing Co. / Dark Horse Tavern COL Style VAL  	0.06 	0.06 	1
COL Beer_Name VAL Commander Clifford _ ™ s Imperial Red Ale COL Brew_Factory_Name VAL The Wrecking Bar Brewpub COL Style VAL American Amber /  	COL Beer_Name VAL Proof Abandoned Planet Imperial Red Ale COL Brew_Factory_Name VAL Brewing Company COL Style VAL Amber  	0.09 	0.075 	0
COL Beer_Name VAL Bourbon Barrel Aged Behemoth With Cherries COL Brew_Factory_Name VAL 3 Floyds Brewing Co. . COL Style VAL American Barleywine  	COL Beer_Name VAL Lompoc Bourbon Barrel Aged Old Tavern Rat COL Brew_Factory_Name VAL Brewing COL Style VAL Barley Wine  	0.125 	0.09699999999999999 	0
COL Beer_Name VAL Bourbon Barrel Ro Shampo Imperial Red Ale COL Brew_Factory_Name VAL Figure 8 Brewing COL Style VAL American Amber /  	COL Beer_Name VAL Fulton The Libertine Imperial Red Ale - Heaven Hill Rye Whiskey Barrel Aged COL Brew_Factory_Name VAL Beer Company COL Style VAL American Strong  	0 	0.085 	0
COL Beer_Name VAL John Barleycorn - Bourbon Barrel Aged COL Brew_Factory_Name VAL Mad River Brewing Company COL Style VAL American Barleywine  	COL Beer_Name VAL Actual Bourbon Barrel Aged Elektron COL Brew_Factory_Name VAL Brewing Company COL Style VAL Amber Ale  	0.125 	0.073 	0
COL Beer_Name VAL 46 Star Oklahoma Amber Ale COL Brew_Factory_Name VAL Bricktown Brewery COL Style VAL American / Red  	COL Beer_Name VAL The Civil Life Stevie_s 5 Star Amber Ale COL Brew_Factory_Name VAL Brewing Company COL Style VAL  	0 	0.05 	0
COL Beer_Name VAL Bitter Orange Blossom COL Brew_Factory_Name VAL I & Brewing COL Style VAL American Amber / Red Ale  	COL Beer_Name VAL I & Bitter Orange Blossom COL Brew_Factory_Name VAL Brewing COL Style VAL Amber Ale  	0.053 	0.053 	1
COL Beer_Name VAL Red Rock Amber Ale COL Brew_Factory_Name VAL OPA-OPA Steakhouse & Brewery COL Style VAL American /  	COL Beer_Name VAL Elk Mountain Rock Slide Amber Ale COL Brew_Factory_Name VAL Brewing Company COL Style VAL  	0.06 	0.055 	0
COL Beer_Name VAL Fire Brew Red Ale COL Brew_Factory_Name VAL Minhas Craft Brewery COL Style VAL American Amber /  	COL Beer_Name VAL Conshohocken Hale Fire Red Ale COL Brew_Factory_Name VAL Brewing Co. . COL Style VAL Amber  	0.055 	0.066 	0
COL Beer_Name VAL Willimantic Riverfest Red COL Brew_Factory_Name VAL Brewing Co. . COL Style VAL American Amber / Ale  	COL Beer_Name VAL Willimantic Riverfest Red Ale COL Brew_Factory_Name VAL Brewing Company COL Style VAL Amber  	0.052000000000000005 	0.052000000000000005 	1
COL Beer_Name VAL Buffalo Trace Bourbon Barrel Aged Amber Ale COL Brew_Factory_Name VAL Wolf Hills Brewing Company COL Style VAL American / Red  	COL Beer_Name VAL Bull & Barrel Session Style - Amber Ale COL Brew_Factory_Name VAL Brew Pub COL VAL  	0 	0.047 	0
COL Beer_Name VAL Alpine Mountain Amber Ale COL Brew_Factory_Name VAL Beer By Design COL Style VAL American / Red  	COL Beer_Name VAL Breckenridge Mountain Series : Hoppy Amber Ale COL Brew_Factory_Name VAL Brewery COL Style VAL  	0.059000000000000004 	0.061 	0
COL Beer_Name VAL The Unforgiven Amber Ale COL Brew_Factory_Name VAL Rush River Brewing Company COL Style VAL American / Red  	COL Beer_Name VAL The Civil Life Stevie_s 5 Star Amber Ale COL Brew_Factory_Name VAL Brewing Company COL Style VAL  	0.057999999999999996 	0.05 	0
COL Beer_Name VAL Fresh Hopped Harvest Ale COL Brew_Factory_Name VAL Big Al Brewing COL Style VAL American Amber / Red  	COL Beer_Name VAL 10 Barrel Crosby Farms Harvest Fresh Hop Ale COL Brew_Factory_Name VAL Brewing &#40; AB InBev &#41; COL Style VAL India Pale IPA  	0 	0.055 	0
COL Beer_Name VAL Oatmeal Raisin Cookie Ale COL Brew_Factory_Name VAL Bluebird Microcreamery & Brewery COL Style VAL American Amber / Red  	COL Beer_Name VAL Aftershock Oatmeal Raisin Cookie Ale COL Brew_Factory_Name VAL Brewing Company COL Style VAL Golden Ale/Blond  	0.059000000000000004 	0.055 	0
COL Beer_Name VAL Bourbon Barrel Ro Shampo Imperial Red Ale COL Brew_Factory_Name VAL Figure 8 Brewing COL Style VAL American Amber /  	COL Beer_Name VAL Legacy Bourbon Barrel Hedonism Red COL Brew_Factory_Name VAL Brewing COL Style VAL American Strong Ale  	0 	0.071 	0
COL Beer_Name VAL Premium Red Ale COL Brew_Factory_Name VAL Uehara Shuzou Co. Ltd. / Echigo Beer Pub COL Style VAL American Amber  	COL Beer_Name VAL Ranga Premium Red Ale COL Brew_Factory_Name VAL Southern Bay Brewing Company COL Style VAL Amber  	0.06 	0.045 	0
COL Beer_Name VAL Red Curry Ale COL Brew_Factory_Name VAL Hideout Brewing Company COL Style VAL American Amber /  	COL Beer_Name VAL Hideout Red Curry Ale COL Brew_Factory_Name VAL The Brewing Company COL Style VAL Amber  	0.055 	0 	1
COL Beer_Name VAL Rabbit Punch Irish Red Ale COL Brew_Factory_Name VAL Ram Restaurant & Brewery COL Style VAL American Amber /  	COL Beer_Name VAL 300 Suns Rabbit Mountain Red Ale COL Brew_Factory_Name VAL Brewing COL Style VAL Amber  	0.057 	0.06 	0
COL Beer_Name VAL Old Blarney Barleywine - Bourbon Barrel Aged COL Brew_Factory_Name VAL Moylan 's Brewery COL Style VAL American  	COL Beer_Name VAL 21st Amendment Bourbon Barrel Lower da Boom Barleywine COL Brew_Factory_Name VAL Brewery COL Style VAL Barley Wine  	0.1 	0.095 	0
COL Beer_Name VAL Sledgehammer Imperial Red Ale COL Brew_Factory_Name VAL Cambridge Brewing Company COL Style VAL American Amber /  	COL Beer_Name VAL Laurelwood Organic Deranger Imperial Red Ale COL Brew_Factory_Name VAL Public House & Brewery COL Style VAL American Strong  	0.0775 	0.086 	0
COL Beer_Name VAL Legends Of The Bay Giant 's Tomb COL Brew_Factory_Name VAL Hockley Valley Brewing Co. . COL Style VAL American Amber / Red Ale  	COL Beer_Name VAL Legends of the Bay Ghosts Hope Island COL Brew_Factory_Name VAL Hockley Valley Brewing & Malting Company COL Style VAL Amber Ale  	0.05 	0.05 	0
